2026-09-10 14:55:02,814 [WARNING] akai: Lisenziya serverinə çatmaq olmadı: <urlopen error connection refused>
2026-09-10 14:55:02,815 [WARNING] akai: Lisenziya serverinə çatmaq olmadı: timed out
2026-09-10 14:55:02,816 [WARNING] akai: Lisenziya serverinə çatmaq olmadı: reset
2026-09-10 14:55:02,817 [WARNING] akai: Lisenziya serverinə çatmaq olmadı: network unreachable
2026-09-10 14:55:02,955 [INFO] akai: render start: input.mp4 · 320x180 · 15.00fps · 2.0s -> /tmp/pytest-of-user/pytest-6/test_render_upscale_to_6400/input_custom.mp4
2026-09-10 14:55:03,267 [INFO] akai: render done: /tmp/pytest-of-user/pytest-6/test_render_upscale_to_6400/input_custom.mp4
2026-09-10 14:55:03,284 [INFO] akai: render start: input.mp4 · 320x180 · 15.00fps · 2.0s -> /tmp/pytest-of-user/pytest-6/test_render_cancel_path0/input_1080p.mp4
2026-09-10 14:55:05,593 [INFO] akai: render start: input.mp4 · 320x180 · 15.00fps · 2.0s -> /tmp/pytest-of-user/pytest-6/test_render_reports_progress0/input_custom.mp4
2026-09-10 14:55:05,891 [INFO] akai: render done: /tmp/pytest-of-user/pytest-6/test_render_reports_progress0/input_custom.mp4
2026-09-10 14:55:05,896 [ERROR] akai: render worker failed
Traceback (most recent call last):
  File "/home/user/next-platform-starter/akai_frontend/akai/engine.py", line 283, in run
    argv = build_command(self.job, info.path, output, self.ffmpeg)
           ^^^^^^^^^^^^^^^^^^^^^^^^^^^^^^^^^^^^^^^^^^^^^^^^^^^^^^^
  File "/home/user/next-platform-starter/akai_frontend/akai/engine.py", line 214, in build_command
    "-vf", vf if vf is not None else build_filter_chain(job, info.width, info.height),
                                     ^^^^^^^^^^^^^^^^^^^^^^^^^^^^^^^^^^^^^^^^^^^^^^^^
  File "/home/user/next-platform-starter/akai_frontend/akai/engine.py", line 171, in build_filter_chain
    width, height = job.target_size(src_w, src_h)
                    ^^^^^^^^^^^^^^^^^^^^^^^^^^^^^
  File "/home/user/next-platform-starter/akai_frontend/akai/engine.py", line 148, in target_size
    ratio = min(box[0] / src_w, box[1] / src_h)
                ~~~~~~~^~~~~~~
ZeroDivisionError: division by zero
2026-09-10 14:59:14,414 [WARNING] akai: Lisenziya serverinə çatmaq olmadı: <urlopen error connection refused>
2026-09-10 14:59:14,415 [WARNING] akai: Lisenziya serverinə çatmaq olmadı: timed out
2026-09-10 14:59:14,416 [WARNING] akai: Lisenziya serverinə çatmaq olmadı: reset
2026-09-10 14:59:14,417 [WARNING] akai: Lisenziya serverinə çatmaq olmadı: network unreachable
2026-09-10 14:59:14,487 [INFO] akai: render start: input.mp4 · 320x180 · 15.00fps · 2.0s -> /tmp/pytest-of-user/pytest-7/test_render_upscale_to_6400/input_custom.mp4
2026-09-10 14:59:14,785 [INFO] akai: render done: /tmp/pytest-of-user/pytest-7/test_render_upscale_to_6400/input_custom.mp4
2026-09-10 14:59:14,801 [INFO] akai: render start: input.mp4 · 320x180 · 15.00fps · 2.0s -> /tmp/pytest-of-user/pytest-7/test_render_cancel_path0/input_1080p.mp4
2026-09-10 14:59:17,297 [INFO] akai: render start: input.mp4 · 320x180 · 15.00fps · 2.0s -> /tmp/pytest-of-user/pytest-7/test_render_reports_progress0/input_custom.mp4
2026-09-10 14:59:17,603 [INFO] akai: render done: /tmp/pytest-of-user/pytest-7/test_render_reports_progress0/input_custom.mp4
2026-09-10 14:59:17,609 [ERROR] akai: render worker failed
Traceback (most recent call last):
  File "/home/user/next-platform-starter/akai_frontend/akai/engine.py", line 283, in run
    argv = build_command(self.job, info.path, output, self.ffmpeg)
           ^^^^^^^^^^^^^^^^^^^^^^^^^^^^^^^^^^^^^^^^^^^^^^^^^^^^^^^
  File "/home/user/next-platform-starter/akai_frontend/akai/engine.py", line 214, in build_command
    "-vf", vf if vf is not None else build_filter_chain(job, info.width, info.height),
                                     ^^^^^^^^^^^^^^^^^^^^^^^^^^^^^^^^^^^^^^^^^^^^^^^^
  File "/home/user/next-platform-starter/akai_frontend/akai/engine.py", line 171, in build_filter_chain
    width, height = job.target_size(src_w, src_h)
                    ^^^^^^^^^^^^^^^^^^^^^^^^^^^^^
  File "/home/user/next-platform-starter/akai_frontend/akai/engine.py", line 148, in target_size
    ratio = min(box[0] / src_w, box[1] / src_h)
                ~~~~~~~^~~~~~~
ZeroDivisionError: division by zero
2026-09-10 15:00:58,019 [WARNING] akai: Lisenziya serverinə çatmaq olmadı: <urlopen error connection refused>
2026-09-10 15:00:58,020 [WARNING] akai: Lisenziya serverinə çatmaq olmadı: timed out
2026-09-10 15:00:58,021 [WARNING] akai: Lisenziya serverinə çatmaq olmadı: reset
2026-09-10 15:00:58,022 [WARNING] akai: Lisenziya serverinə çatmaq olmadı: network unreachable
2026-09-10 15:00:58,107 [INFO] akai: render start: input.mp4 · 320x180 · 15.00fps · 2.0s -> /tmp/pytest-of-user/pytest-9/test_render_upscale_to_6400/input_custom.mp4
2026-09-10 15:00:58,411 [INFO] akai: render done: /tmp/pytest-of-user/pytest-9/test_render_upscale_to_6400/input_custom.mp4
2026-09-10 15:00:58,427 [INFO] akai: render start: input.mp4 · 320x180 · 15.00fps · 2.0s -> /tmp/pytest-of-user/pytest-9/test_render_cancel_path0/input_1080p.mp4
2026-09-10 15:01:00,651 [INFO] akai: render start: input.mp4 · 320x180 · 15.00fps · 2.0s -> /tmp/pytest-of-user/pytest-9/test_render_reports_progress0/input_custom.mp4
2026-09-10 15:01:01,009 [INFO] akai: render done: /tmp/pytest-of-user/pytest-9/test_render_reports_progress0/input_custom.mp4
2026-09-10 15:01:01,014 [ERROR] akai: render worker failed
Traceback (most recent call last):
  File "/home/user/next-platform-starter/akai_frontend/akai/engine.py", line 283, in run
    argv = build_command(self.job, info.path, output, self.ffmpeg)
           ^^^^^^^^^^^^^^^^^^^^^^^^^^^^^^^^^^^^^^^^^^^^^^^^^^^^^^^
  File "/home/user/next-platform-starter/akai_frontend/akai/engine.py", line 214, in build_command
    "-vf", vf if vf is not None else build_filter_chain(job, info.width, info.height),
                                     ^^^^^^^^^^^^^^^^^^^^^^^^^^^^^^^^^^^^^^^^^^^^^^^^
  File "/home/user/next-platform-starter/akai_frontend/akai/engine.py", line 171, in build_filter_chain
    width, height = job.target_size(src_w, src_h)
                    ^^^^^^^^^^^^^^^^^^^^^^^^^^^^^
  File "/home/user/next-platform-starter/akai_frontend/akai/engine.py", line 148, in target_size
    ratio = min(box[0] / src_w, box[1] / src_h)
                ~~~~~~~^~~~~~~
ZeroDivisionError: division by zero
